// Jest Snapshot v1, https://goo.gl/fbAQLP

exports[`should render App 1`] = `
<section
  className="ant-layout"
  style={
    Object {
      "minHeight": "100vh",
    }
  }
>
  <header
    className="ant-layout-header header"
  >
    <img
      alt="logo"
      className="header__logo"
      onClick={[Function]}
      src="logo.png"
    />
  </header>
  <main
    className="ant-layout-content"
  >
    <div
      className="characterList"
    >
      <h1>
        All Characters
      </h1>
      <div
        className="infinite-scroll-component__outerdiv"
        style={Object {}}
      >
        <div
          className="infinite-scroll-component characterList_scroll"
          style={
            Object {
              "WebkitOverflowScrolling": "touch",
              "height": "auto",
              "overflow": "auto",
            }
          }
        >
          <div
            className="card-grid"
          />
        </div>
      </div>
    </div>
  </main>
  <footer
    className="ant-layout-footer footer"
  >
    <a
      className="footer__link"
      href="/"
    >
      Rick and Morty by Hashir Â© 2022
    </a>
  </footer>
</section>
`;
