// Jest Snapshot v1, https://goo.gl/fbAQLP

exports[`should test Header component 1`] = `
<header
  className="ant-layout-header header"
>
  <img
    alt="logo"
    className="header__logo"
    onClick={[Function]}
    src="logo.png"
  />
</header>
`;
