// Jest Snapshot v1, https://goo.gl/fbAQLP

exports[`CharacterList component should test CharacterList component 1`] = `null`;
